[{'data':'TASK 24-00-00-700-801 - AC Power, DC Power and Battery Maintenance Practice Recommendations','attr':{'id':'fk:AMM24_fk:AMM24-00-00_fk:AMM24-00-00-02_dk:AMM24-00-00-700-801','file':'AMM24-00-00-700-801.pdf'}},{'data':'TASK 24-00-00-700-801 - AC Power, DC Power and Battery Maintenance Practice Recommendations','attr':{'id':'fk:AMM24_fk:AMM24-00-00_fk:AMM24-00-00-02_dtrn:1234','file':'AMM24-00-00-700-801.pdf'}},{'data':'List of Effective TRs','attr':{'id':'fk:AMM24_fk:AMM24-00-00_fk:AMM24-00-00-02_fk:LOETR'}','file':'loetr.html'}},{'data':'List of Effective TRs',},{'data':'History of AMM12-31-00-660-806',}]